C:/nxp/GUI-Guider-Projects/k1019/sdk/Core/lvgl/lvgl/src/misc/lv_color.h:600:26:lv_color_hex	24	static
C:/nxp/GUI-Guider-Projects/k1019/generated/mm.h:16:13:window_timer_cb	32	static
C:/nxp/GUI-Guider-Projects/k1019/generated/mm.h:45:6:show_elements_for_5_seconds	8	static
C:/nxp/GUI-Guider-Projects/k1019/generated/mm.h:59:6:kill	8	static
C:/nxp/GUI-Guider-Projects/k1019/generated/mm.h:75:13:btn_6_event_cb	24	static
C:/nxp/GUI-Guider-Projects/k1019/generated/mm.h:83:13:m	16	static
C:/nxp/GUI-Guider-Projects/k1019/generated/mm.h:112:13:update_timer_cb	24	static
C:/nxp/GUI-Guider-Projects/k1019/generated/mm.h:121:6:setup_countdown_timer	8	static
C:/nxp/GUI-Guider-Projects/k1019/generated/mm.h:134:6:plus_running	40	static
C:/nxp/GUI-Guider-Projects/k1019/generated/mm.h:165:6:plus_number	8	static
C:/nxp/GUI-Guider-Projects/k1019/generated/events_init.c:21:13:screen_btn_7_event_handler	24	static
C:/nxp/GUI-Guider-Projects/k1019/generated/events_init.c:39:6:events_init_screen	16	static
C:/nxp/GUI-Guider-Projects/k1019/generated/events_init.c:45:6:events_init	16	static
