C:/nxp/GUI-Guider-Projects/k1019/sdk/Core/lvgl/lvgl/src/misc/lv_anim.c:57:6:_lv_anim_core_init	8	static
C:/nxp/GUI-Guider-Projects/k1019/sdk/Core/lvgl/lvgl/src/misc/lv_anim.c:65:6:lv_anim_init	16	static
C:/nxp/GUI-Guider-Projects/k1019/sdk/Core/lvgl/lvgl/src/misc/lv_anim.c:77:13:lv_anim_start	24	static
C:/nxp/GUI-Guider-Projects/k1019/sdk/Core/lvgl/lvgl/src/misc/lv_anim.c:118:10:lv_anim_get_playtime	24	static
C:/nxp/GUI-Guider-Projects/k1019/sdk/Core/lvgl/lvgl/src/misc/lv_anim.c:139:6:lv_anim_pause	32	static
C:/nxp/GUI-Guider-Projects/k1019/sdk/Core/lvgl/lvgl/src/misc/lv_anim.c:159:6:lv_anim_resume	32	static
C:/nxp/GUI-Guider-Projects/k1019/sdk/Core/lvgl/lvgl/src/misc/lv_anim.c:178:6:lv_anim_del	32	static
C:/nxp/GUI-Guider-Projects/k1019/sdk/Core/lvgl/lvgl/src/misc/lv_anim.c:203:6:lv_anim_del_all	8	static
C:/nxp/GUI-Guider-Projects/k1019/sdk/Core/lvgl/lvgl/src/misc/lv_anim.c:209:13:lv_anim_get	24	static
C:/nxp/GUI-Guider-Projects/k1019/sdk/Core/lvgl/lvgl/src/misc/lv_anim.c:221:22:lv_anim_get_timer	4	static
C:/nxp/GUI-Guider-Projects/k1019/sdk/Core/lvgl/lvgl/src/misc/lv_anim.c:226:10:lv_anim_count_running	16	static
C:/nxp/GUI-Guider-Projects/k1019/sdk/Core/lvgl/lvgl/src/misc/lv_anim.c:235:10:lv_anim_speed_to_time	32	static
C:/nxp/GUI-Guider-Projects/k1019/sdk/Core/lvgl/lvgl/src/misc/lv_anim.c:247:6:lv_anim_refr_now	8	static
C:/nxp/GUI-Guider-Projects/k1019/sdk/Core/lvgl/lvgl/src/misc/lv_anim.c:252:9:lv_anim_path_linear	32	static
C:/nxp/GUI-Guider-Projects/k1019/sdk/Core/lvgl/lvgl/src/misc/lv_anim.c:267:9:lv_anim_path_ease_in	40	static
C:/nxp/GUI-Guider-Projects/k1019/sdk/Core/lvgl/lvgl/src/misc/lv_anim.c:281:9:lv_anim_path_ease_out	40	static
C:/nxp/GUI-Guider-Projects/k1019/sdk/Core/lvgl/lvgl/src/misc/lv_anim.c:295:9:lv_anim_path_ease_in_out	40	static
C:/nxp/GUI-Guider-Projects/k1019/sdk/Core/lvgl/lvgl/src/misc/lv_anim.c:309:9:lv_anim_path_overshoot	40	static
C:/nxp/GUI-Guider-Projects/k1019/sdk/Core/lvgl/lvgl/src/misc/lv_anim.c:323:9:lv_anim_path_bounce	40	static
C:/nxp/GUI-Guider-Projects/k1019/sdk/Core/lvgl/lvgl/src/misc/lv_anim.c:374:9:lv_anim_path_step	16	static
C:/nxp/GUI-Guider-Projects/k1019/sdk/Core/lvgl/lvgl/src/misc/lv_anim.c:390:13:anim_timer	40	static
C:/nxp/GUI-Guider-Projects/k1019/sdk/Core/lvgl/lvgl/src/misc/lv_anim.c:459:13:anim_ready_handler	24	static
C:/nxp/GUI-Guider-Projects/k1019/sdk/Core/lvgl/lvgl/src/misc/lv_anim.c:504:13:anim_mark_list_change	8	static
