C:/nxp/GUI-Guider-Projects/k1019/sdk/Core/component/osa/fsl_os_abstraction_free_rtos.c:102:18:main_task	16	static
C:/nxp/GUI-Guider-Projects/k1019/sdk/Core/component/osa/fsl_os_abstraction_free_rtos.c:145:7:OSA_MemoryAllocate	24	static
C:/nxp/GUI-Guider-Projects/k1019/sdk/Core/component/osa/fsl_os_abstraction_free_rtos.c:168:6:OSA_MemoryFree	16	static
C:/nxp/GUI-Guider-Projects/k1019/sdk/Core/component/osa/fsl_os_abstraction_free_rtos.c:175:7:OSA_MemoryAllocateAlign	32	static
C:/nxp/GUI-Guider-Projects/k1019/sdk/Core/component/osa/fsl_os_abstraction_free_rtos.c:216:6:OSA_MemoryFreeAlign	24	static
C:/nxp/GUI-Guider-Projects/k1019/sdk/Core/component/osa/fsl_os_abstraction_free_rtos.c:236:6:OSA_EnterCritical	32	static
C:/nxp/GUI-Guider-Projects/k1019/sdk/Core/component/osa/fsl_os_abstraction_free_rtos.c:252:6:OSA_ExitCritical	24	static
C:/nxp/GUI-Guider-Projects/k1019/sdk/Core/component/osa/fsl_os_abstraction_free_rtos.c:274:6:startup_task	16	static
C:/nxp/GUI-Guider-Projects/k1019/sdk/Core/component/osa/fsl_os_abstraction_free_rtos.c:457:6:OSA_TimeDelay	16	static
C:/nxp/GUI-Guider-Projects/k1019/sdk/Core/component/osa/fsl_os_abstraction_free_rtos.c:467:10:OSA_TimeGetMsec	40	static
C:/nxp/GUI-Guider-Projects/k1019/sdk/Core/component/osa/fsl_os_abstraction_free_rtos.c:491:14:OSA_SemaphorePrecreate	16	static
C:/nxp/GUI-Guider-Projects/k1019/sdk/Core/component/osa/fsl_os_abstraction_free_rtos.c:505:14:OSA_SemaphoreCreate	24	static
C:/nxp/GUI-Guider-Projects/k1019/sdk/Core/component/osa/fsl_os_abstraction_free_rtos.c:541:14:OSA_SemaphoreCreateBinary	24	static
C:/nxp/GUI-Guider-Projects/k1019/sdk/Core/component/osa/fsl_os_abstraction_free_rtos.c:577:14:OSA_SemaphoreDestroy	24	static
C:/nxp/GUI-Guider-Projects/k1019/sdk/Core/component/osa/fsl_os_abstraction_free_rtos.c:599:14:OSA_SemaphoreWait	24	static
C:/nxp/GUI-Guider-Projects/k1019/sdk/Core/component/osa/fsl_os_abstraction_free_rtos.c:634:14:OSA_SemaphorePost	32	static
C:/nxp/GUI-Guider-Projects/k1019/sdk/Core/component/osa/fsl_os_abstraction_free_rtos.c:675:14:OSA_MutexCreate	24	static
C:/nxp/GUI-Guider-Projects/k1019/sdk/Core/component/osa/fsl_os_abstraction_free_rtos.c:714:14:OSA_MutexLock	24	static
C:/nxp/GUI-Guider-Projects/k1019/sdk/Core/component/osa/fsl_os_abstraction_free_rtos.c:746:14:OSA_MutexUnlock	24	static
C:/nxp/GUI-Guider-Projects/k1019/sdk/Core/component/osa/fsl_os_abstraction_free_rtos.c:768:14:OSA_MutexDestroy	24	static
C:/nxp/GUI-Guider-Projects/k1019/sdk/Core/component/osa/fsl_os_abstraction_free_rtos.c:785:14:OSA_EventPrecreate	16	static
C:/nxp/GUI-Guider-Projects/k1019/sdk/Core/component/osa/fsl_os_abstraction_free_rtos.c:799:14:OSA_EventCreate	24	static
C:/nxp/GUI-Guider-Projects/k1019/sdk/Core/component/osa/fsl_os_abstraction_free_rtos.c:834:14:OSA_EventSet	32	static
C:/nxp/GUI-Guider-Projects/k1019/sdk/Core/component/osa/fsl_os_abstraction_free_rtos.c:872:14:OSA_EventClear	24	static
C:/nxp/GUI-Guider-Projects/k1019/sdk/Core/component/osa/fsl_os_abstraction_free_rtos.c:906:14:OSA_EventGet	40	static
C:/nxp/GUI-Guider-Projects/k1019/sdk/Core/component/osa/fsl_os_abstraction_free_rtos.c:951:14:OSA_EventWait	48	static
C:/nxp/GUI-Guider-Projects/k1019/sdk/Core/component/osa/fsl_os_abstraction_free_rtos.c:1009:14:OSA_EventDestroy	24	static
C:/nxp/GUI-Guider-Projects/k1019/sdk/Core/component/osa/fsl_os_abstraction_free_rtos.c:1030:14:OSA_MsgQCreate	32	static
C:/nxp/GUI-Guider-Projects/k1019/sdk/Core/component/osa/fsl_os_abstraction_free_rtos.c:1070:14:OSA_MsgQPut	32	static
C:/nxp/GUI-Guider-Projects/k1019/sdk/Core/component/osa/fsl_os_abstraction_free_rtos.c:1110:14:OSA_MsgQGet	40	static
C:/nxp/GUI-Guider-Projects/k1019/sdk/Core/component/osa/fsl_os_abstraction_free_rtos.c:1144:5:OSA_MsgQAvailableMsgs	24	static
C:/nxp/GUI-Guider-Projects/k1019/sdk/Core/component/osa/fsl_os_abstraction_free_rtos.c:1159:14:OSA_MsgQDestroy	24	static
C:/nxp/GUI-Guider-Projects/k1019/sdk/Core/component/osa/fsl_os_abstraction_free_rtos.c:1174:6:OSA_InterruptEnable	16	static
C:/nxp/GUI-Guider-Projects/k1019/sdk/Core/component/osa/fsl_os_abstraction_free_rtos.c:1200:6:OSA_InterruptDisable	24	static
C:/nxp/GUI-Guider-Projects/k1019/sdk/Core/component/osa/fsl_os_abstraction_free_rtos.c:1222:6:OSA_EnableIRQGlobal	4	static
C:/nxp/GUI-Guider-Projects/k1019/sdk/Core/component/osa/fsl_os_abstraction_free_rtos.c:1242:6:OSA_DisableIRQGlobal	4	static
C:/nxp/GUI-Guider-Projects/k1019/sdk/Core/component/osa/fsl_os_abstraction_free_rtos.c:1258:6:OSA_DisableScheduler	8	static
C:/nxp/GUI-Guider-Projects/k1019/sdk/Core/component/osa/fsl_os_abstraction_free_rtos.c:1270:6:OSA_EnableScheduler	8	static
C:/nxp/GUI-Guider-Projects/k1019/sdk/Core/component/osa/fsl_os_abstraction_free_rtos.c:1281:6:OSA_InstallIntHandler	16	static
